core_cm7.h:2229:22:SCB_EnableICache	4	static,ignoring_inline_asm
core_cm7.h:2281:22:SCB_EnableDCache	24	static,ignoring_inline_asm
core_cm7.h:2606:26:ITM_SendChar	16	static,ignoring_inline_asm
main.c:117:5:main	344	static
main.c:291:6:SystemClock_Config	312	static
main.c:358:13:MX_CRC_Init	8	static
main.c:389:13:MX_ETH_Init	8	static
main.c:435:13:MX_TIM16_Init	8	static
main.c:467:13:MX_USART3_UART_Init	8	static
main.c:515:13:MX_GPIO_Init	56	static
main.c:583:5:_write	32	static
main.c:597:6:Error_Handler	8	static
